// Jest Snapshot v1, https://goo.gl/fbAQLP

exports[`Notes App tests should render <Notes/> component 1`] = `
<div>
  Notes
</div>
`;
